../Core/Src/ILI9341.c:346:6:RGB565_to_UINT8	40	static
../Core/Src/ILI9341.c:365:6:Crop_and_Convert_RGB565_to_RGB888	56	static
../Core/Src/ILI9341.c:395:6:Draw_BoundingBox	32	static
../Core/Src/ILI9341.c:502:6:LCD_DrawChar	48	static
../Core/Src/ILI9341.c:517:6:LCD_PrintString	24	static
../Core/Src/ILI9341.c:526:6:LCD_DrawChar_DMA2D	56	static
../Core/Src/ILI9341.c:556:6:Parse_SSD_Single_Output	88	static
../Core/Src/ILI9341.c:615:6:Parse_SSD_Multi_Output	112	static
../Core/Src/ILI9341.c:710:5:compare_detections	24	static
../Core/Src/ILI9341.c:718:7:calculate_iou	40	static
../Core/Src/ILI9341.c:801:6:ILI9341_Init	16	static
../Core/Src/ILI9341.c:836:6:ILI9341_RegisterCallback	16	static
../Core/Src/ILI9341.c:853:6:Crop_Center_192x192	40	static
../Core/Src/ILI9341.c:868:6:ILI9341_DrawFrame	16	static
../Core/Src/ILI9341.c:898:6:ILI9341_DrawCrop	24	static
../Core/Src/ILI9341.c:909:7:ILI9341_GetDrawBuffer1Addr	4	static
../Core/Src/ILI9341.c:914:7:ILI9341_GetDrawBuffer2Addr	4	static
../Core/Src/ILI9341.c:919:6:ILI9341_SetBackgroundColor	24	static
../Core/Src/ILI9341.c:924:6:ILI9341_FillRect	56	static
../Core/Src/ILI9341.c:983:6:ILI9341_FillRect_DMA2D	40	static
../Core/Src/ILI9341.c:1001:6:Draw_Rectangle_Outline	32	static
../Core/Src/ILI9341.c:1011:6:ILI9341_Read_GRAM	48	static
../Core/Src/ILI9341.c:1065:13:lcd_SetOrientation	24	static
../Core/Src/ILI9341.c:1095:13:lcd_Reset	8	static
../Core/Src/ILI9341.c:1103:13:lcd_Config	24	static
../Core/Src/ILI9341.c:1216:13:lcd_WriteCmd	24	static
../Core/Src/ILI9341.c:1232:13:lcd_WriteDma	24	static
../Core/Src/ILI9341.c:1275:13:lcd_SetDisplArea	16	static
../Core/Src/ILI9341.c:1292:13:lcd_BufferInit	4	static
../Core/Src/ILI9341.c:1300:17:lcd_RGB888toRGB565	24	static
../Core/Src/ILI9341.c:1309:13:lcd_MakeArea	32	static
../Core/Src/ILI9341.c:1326:17:lcd_GetBuff	24	static,ignoring_inline_asm
../Core/Src/ILI9341.c:1352:17:lcd_CpyToDrawBuffer	32	static
../Core/Src/ILI9341.c:1384:16:lcd_IsWriteAllowed	16	static,ignoring_inline_asm
../Core/Src/ILI9341.c:1393:13:lcd_Flush	8	static
../Core/Src/ILI9341.c:1401:26:lcd_SPI_Send	32	static
../Core/Src/ILI9341.c:1451:26:lcd_SPI_SendRead	32	static
../Core/Src/ILI9341.c:1535:6:HAL_SPI_ErrorCallback	16	static
../Core/Src/ILI9341.c:1548:6:HAL_SPI_TxCpltCallback	40	static,ignoring_inline_asm
