../Core/Inc/bno055_stm32.h:20:6:bno055_assignI2C	16	static
../Core/Inc/bno055_stm32.h:24:6:bno055_delay	16	static
../Core/Inc/bno055_stm32.h:32:6:bno055_writeData	32	static
../Core/Inc/bno055_stm32.h:96:6:bno055_readData	24	static
../Core/Src/main.c:150:5:_close	16	static
../Core/Src/main.c:151:5:_fstat	16	static
../Core/Src/main.c:152:5:_isatty	16	static
../Core/Src/main.c:153:5:_lseek	24	static
../Core/Src/main.c:154:5:_read	24	static
../Core/Src/main.c:155:5:_write	24	static
../Core/Src/main.c:156:5:_getpid	4	static
../Core/Src/main.c:157:5:_kill	16	static
../Core/Src/main.c:208:6:Crop_Convert_Optimize	56	static
../Core/Src/main.c:255:6:HAL_DCMI_FrameEventCallback	64	static,ignoring_inline_asm
../Core/Src/main.c:288:5:SDRAM_Test_DataBus	24	static,ignoring_inline_asm
../Core/Src/main.c:312:5:SDRAM_Test_AddressBus	40	static,ignoring_inline_asm
../Core/Src/main.c:327:5:SDRAM_Test_Integrity	24	static,ignoring_inline_asm
../Core/Src/main.c:340:6:Test_SDRAM	16	static
../Core/Src/main.c:371:6:SDRAM_INIT_CHECK	8	static
../Core/Src/main.c:388:9:I2C2_Scan_To_Array	24	static
../Core/Src/main.c:420:10:AngleToPWM	24	static
../Core/Src/main.c:426:6:SetServoAngle_1	40	static
../Core/Src/main.c:430:6:SetServoAngle_2	40	static
../Core/Src/main.c:436:6:Read_IMU	8	static
../Core/Src/main.c:454:7:my_clamp	24	static
../Core/Src/main.c:459:6:solve_ik	128	static
../Core/Src/main.c:490:6:Update_Observation_Buffer	192	static
../Core/Src/main.c:545:5:main	56	static,ignoring_inline_asm
../Core/Src/main.c:728:6:SystemClock_Config	120	static
../Core/Src/main.c:787:6:PeriphCommonClock_Config	200	static
../Core/Src/main.c:815:13:MX_ADC3_Init	40	static
../Core/Src/main.c:875:13:MX_DCMI_Init	8	static
../Core/Src/main.c:912:13:MX_DMA2D_Init	8	static
../Core/Src/main.c:941:13:MX_FDCAN1_Init	8	static
../Core/Src/main.c:994:13:MX_I2C1_Init	8	static
../Core/Src/main.c:1042:13:MX_I2C2_Init	8	static
../Core/Src/main.c:1090:13:MX_I2C3_Init	8	static
../Core/Src/main.c:1138:13:MX_I2C4_Init	8	static
../Core/Src/main.c:1186:13:MX_SPI2_Init	8	static
../Core/Src/main.c:1234:13:MX_TIM5_Init	48	static
../Core/Src/main.c:1283:13:MX_TIM8_Init	96	static
../Core/Src/main.c:1353:13:MX_TIM13_Init	8	static
../Core/Src/main.c:1384:13:MX_USART1_UART_Init	8	static
../Core/Src/main.c:1432:13:MX_USART2_UART_Init	8	static
../Core/Src/main.c:1480:13:MX_USART3_UART_Init	8	static
../Core/Src/main.c:1526:13:MX_DMA_Init	16	static
../Core/Src/main.c:1544:13:MX_FMC_Init	40	static
../Core/Src/main.c:1595:13:MX_GPIO_Init	64	static
../Core/Src/main.c:1677:6:MPU_Config	24	static
../Core/Src/main.c:1720:6:Error_Handler	4	static,ignoring_inline_asm
