../Core/Inc/bno055_stm32.h:20:6:bno055_assignI2C	1
../Core/Inc/bno055_stm32.h:24:6:bno055_delay	1
../Core/Inc/bno055_stm32.h:32:6:bno055_writeData	1
../Core/Inc/bno055_stm32.h:96:6:bno055_readData	1
../Core/Src/main.c:153:5:_close	1
../Core/Src/main.c:154:5:_fstat	1
../Core/Src/main.c:155:5:_isatty	1
../Core/Src/main.c:156:5:_lseek	1
../Core/Src/main.c:157:5:_read	1
../Core/Src/main.c:158:5:_write	1
../Core/Src/main.c:159:5:_getpid	1
../Core/Src/main.c:160:5:_kill	1
../Core/Src/main.c:211:6:Crop_Convert_Optimize	3
../Core/Src/main.c:258:6:HAL_DCMI_FrameEventCallback	6
../Core/Src/main.c:291:5:SDRAM_Test_DataBus	5
../Core/Src/main.c:315:5:SDRAM_Test_AddressBus	5
../Core/Src/main.c:330:5:SDRAM_Test_Integrity	7
../Core/Src/main.c:343:6:Test_SDRAM	5
../Core/Src/main.c:374:6:SDRAM_INIT_CHECK	2
../Core/Src/main.c:391:9:I2C2_Scan_To_Array	5
../Core/Src/main.c:423:10:AngleToPWM	2
../Core/Src/main.c:429:6:SetServoAngle_1	1
../Core/Src/main.c:433:6:SetServoAngle_2	1
../Core/Src/main.c:439:6:Read_IMU	5
../Core/Src/main.c:457:7:my_clamp	3
../Core/Src/main.c:462:6:solve_ik	6
../Core/Src/main.c:493:6:Update_Observation_Buffer	5
../Core/Src/main.c:548:5:main	13
../Core/Src/main.c:748:6:SystemClock_Config	4
../Core/Src/main.c:807:6:PeriphCommonClock_Config	2
../Core/Src/main.c:835:13:MX_ADC3_Init	3
../Core/Src/main.c:895:13:MX_DCMI_Init	2
../Core/Src/main.c:932:13:MX_DMA2D_Init	2
../Core/Src/main.c:961:13:MX_FDCAN1_Init	2
../Core/Src/main.c:1014:13:MX_I2C1_Init	4
../Core/Src/main.c:1062:13:MX_I2C2_Init	4
../Core/Src/main.c:1110:13:MX_I2C3_Init	4
../Core/Src/main.c:1158:13:MX_I2C4_Init	4
../Core/Src/main.c:1206:13:MX_SPI2_Init	2
../Core/Src/main.c:1254:13:MX_TIM5_Init	4
../Core/Src/main.c:1303:13:MX_TIM8_Init	5
../Core/Src/main.c:1373:13:MX_TIM13_Init	2
../Core/Src/main.c:1404:13:MX_USART1_UART_Init	5
../Core/Src/main.c:1452:13:MX_USART2_UART_Init	5
../Core/Src/main.c:1500:13:MX_USART3_UART_Init	5
../Core/Src/main.c:1546:13:MX_BDMA_Init	1
../Core/Src/main.c:1562:13:MX_DMA_Init	1
../Core/Src/main.c:1580:13:MX_FMC_Init	2
../Core/Src/main.c:1631:13:MX_GPIO_Init	1
../Core/Src/main.c:1713:6:MPU_Config	1
../Core/Src/main.c:1756:6:Error_Handler	1
