../Core/Inc/bno055_stm32.h:20:6:bno055_assignI2C	16	static
../Core/Inc/bno055_stm32.h:24:6:bno055_delay	16	static
../Core/Inc/bno055_stm32.h:32:6:bno055_writeData	32	static
../Core/Inc/bno055_stm32.h:96:6:bno055_readData	24	static
../Core/Src/main.c:153:5:_close	16	static
../Core/Src/main.c:154:5:_fstat	16	static
../Core/Src/main.c:155:5:_isatty	16	static
../Core/Src/main.c:156:5:_lseek	24	static
../Core/Src/main.c:157:5:_read	24	static
../Core/Src/main.c:158:5:_write	24	static
../Core/Src/main.c:159:5:_getpid	4	static
../Core/Src/main.c:160:5:_kill	16	static
../Core/Src/main.c:211:6:Crop_Convert_Optimize	56	static
../Core/Src/main.c:258:6:HAL_DCMI_FrameEventCallback	64	static,ignoring_inline_asm
../Core/Src/main.c:291:5:SDRAM_Test_DataBus	24	static,ignoring_inline_asm
../Core/Src/main.c:315:5:SDRAM_Test_AddressBus	40	static,ignoring_inline_asm
../Core/Src/main.c:330:5:SDRAM_Test_Integrity	24	static,ignoring_inline_asm
../Core/Src/main.c:343:6:Test_SDRAM	16	static
../Core/Src/main.c:374:6:SDRAM_INIT_CHECK	8	static
../Core/Src/main.c:391:9:I2C2_Scan_To_Array	24	static
../Core/Src/main.c:423:10:AngleToPWM	24	static
../Core/Src/main.c:429:6:SetServoAngle_1	40	static
../Core/Src/main.c:433:6:SetServoAngle_2	40	static
../Core/Src/main.c:439:6:Read_IMU	8	static
../Core/Src/main.c:457:7:my_clamp	24	static
../Core/Src/main.c:462:6:solve_ik	128	static
../Core/Src/main.c:493:6:Update_Observation_Buffer	192	static
../Core/Src/main.c:548:5:main	64	static,ignoring_inline_asm
../Core/Src/main.c:739:6:SystemClock_Config	120	static
../Core/Src/main.c:798:6:PeriphCommonClock_Config	200	static
../Core/Src/main.c:826:13:MX_ADC3_Init	40	static
../Core/Src/main.c:886:13:MX_DCMI_Init	8	static
../Core/Src/main.c:923:13:MX_DMA2D_Init	8	static
../Core/Src/main.c:952:13:MX_FDCAN1_Init	8	static
../Core/Src/main.c:1005:13:MX_I2C1_Init	8	static
../Core/Src/main.c:1053:13:MX_I2C2_Init	8	static
../Core/Src/main.c:1101:13:MX_I2C3_Init	8	static
../Core/Src/main.c:1149:13:MX_I2C4_Init	8	static
../Core/Src/main.c:1197:13:MX_SPI2_Init	8	static
../Core/Src/main.c:1245:13:MX_TIM5_Init	48	static
../Core/Src/main.c:1294:13:MX_TIM8_Init	96	static
../Core/Src/main.c:1364:13:MX_TIM13_Init	8	static
../Core/Src/main.c:1395:13:MX_USART1_UART_Init	8	static
../Core/Src/main.c:1443:13:MX_USART2_UART_Init	8	static
../Core/Src/main.c:1491:13:MX_USART3_UART_Init	8	static
../Core/Src/main.c:1537:13:MX_BDMA_Init	16	static
../Core/Src/main.c:1553:13:MX_DMA_Init	16	static
../Core/Src/main.c:1571:13:MX_FMC_Init	40	static
../Core/Src/main.c:1622:13:MX_GPIO_Init	64	static
../Core/Src/main.c:1704:6:MPU_Config	24	static
../Core/Src/main.c:1747:6:Error_Handler	4	static,ignoring_inline_asm
