../Core/Src/stm32h7xx_hal_msp.c:70:6:HAL_MspInit	16	static
../Core/Src/stm32h7xx_hal_msp.c:97:6:HAL_ADC_MspInit	48	static
../Core/Src/stm32h7xx_hal_msp.c:131:6:HAL_ADC_MspDeInit	16	static
../Core/Src/stm32h7xx_hal_msp.c:159:6:HAL_DCMI_MspInit	64	static
../Core/Src/stm32h7xx_hal_msp.c:267:6:HAL_DCMI_MspDeInit	16	static
../Core/Src/stm32h7xx_hal_msp.c:320:6:HAL_DMA2D_MspInit	24	static
../Core/Src/stm32h7xx_hal_msp.c:346:6:HAL_DMA2D_MspDeInit	16	static
../Core/Src/stm32h7xx_hal_msp.c:371:6:HAL_FDCAN_MspInit	240	static
../Core/Src/stm32h7xx_hal_msp.c:419:6:HAL_FDCAN_MspDeInit	16	static
../Core/Src/stm32h7xx_hal_msp.c:448:6:HAL_I2C_MspInit	264	static
../Core/Src/stm32h7xx_hal_msp.c:612:6:HAL_I2C_MspDeInit	16	static
../Core/Src/stm32h7xx_hal_msp.c:705:6:HAL_SPI_MspInit	56	static
../Core/Src/stm32h7xx_hal_msp.c:781:6:HAL_SPI_MspDeInit	16	static
../Core/Src/stm32h7xx_hal_msp.c:820:6:HAL_TIM_OC_MspInit	24	static
../Core/Src/stm32h7xx_hal_msp.c:856:6:HAL_TIM_Base_MspInit	24	static
../Core/Src/stm32h7xx_hal_msp.c:876:6:HAL_TIM_MspPostInit	48	static
../Core/Src/stm32h7xx_hal_msp.c:928:6:HAL_TIM_OC_MspDeInit	16	static
../Core/Src/stm32h7xx_hal_msp.c:971:6:HAL_TIM_Base_MspDeInit	16	static
../Core/Src/stm32h7xx_hal_msp.c:1003:6:HAL_UART_MspInit	264	static
../Core/Src/stm32h7xx_hal_msp.c:1126:6:HAL_UART_MspDeInit	16	static
../Core/Src/stm32h7xx_hal_msp.c:1189:13:HAL_FMC_MspInit	232	static
../Core/Src/stm32h7xx_hal_msp.c:1316:6:HAL_SDRAM_MspInit	16	static
../Core/Src/stm32h7xx_hal_msp.c:1328:13:HAL_FMC_MspDeInit	8	static
../Core/Src/stm32h7xx_hal_msp.c:1405:6:HAL_SDRAM_MspDeInit	16	static
